// Jest Snapshot v1, https://goo.gl/fbAQLP

exports[`renders correctly 1`] = `
<View
  style={
    Object {
      "alignItems": "center",
      "backgroundColor": "#EBEBE4",
      "borderRadius": 4,
      "display": "flex",
      "height": 40,
      "justifyContent": "center",
      "margin": 20,
      "width": 40,
    }
  }
>
  <Image
    style={
      Object {
        "height": 30,
        "width": 30,
      }
    }
  />
</View>
`;
