// Jest Snapshot v1, https://goo.gl/fbAQLP

exports[`renders correctly 1`] = `
<View
  style={
    Object {
      "borderColor": "#d6d7da",
      "borderRadius": 4,
      "borderWidth": 0.5,
      "display": "flex",
      "flexDirection": "row",
      "height": 70,
      "margin": 15,
    }
  }
>
  <View
    style={
      Object {
        "alignItems": "center",
        "borderBottomLeftRadius": 4,
        "borderTopLeftRadius": 4,
        "flex": 5,
        "justifyContent": "center",
      }
    }
  >
    <View
      accessible={true}
      isTVSelectable={true}
      onResponderGrant={[Function]}
      onResponderMove={[Function]}
      onResponderRelease={[Function]}
      onResponderTerminate={[Function]}
      onResponderTerminationRequest={[Function]}
      onStartShouldSetResponder={[Function]}
      style={
        Object {
          "alignItems": "center",
          "display": "flex",
          "flexDirection": "row",
          "opacity": 1,
          "width": "100%",
        }
      }
    >
      <View
        style={
          Object {
            "alignItems": "center",
            "backgroundColor": "#EBEBE4",
            "borderRadius": 4,
            "display": "flex",
            "height": 40,
            "justifyContent": "center",
            "margin": 20,
            "width": 40,
          }
        }
      >
        <Image
          source={1}
          style={
            Object {
              "height": 30,
              "width": 30,
            }
          }
        />
      </View>
      <View
        style={
          Object {
            "display": "flex",
            "flexDirection": "column",
          }
        }
      >
        <Text
          style={
            Object {
              "fontFamily": "raleway-light",
              "fontSize": 16,
            }
          }
        >
          Light off
        </Text>
        <Text
          style={
            Object {
              "fontFamily": "raleway-bold",
              "fontSize": 16,
            }
          }
        />
      </View>
    </View>
  </View>
  <View
    style={
      Object {
        "display": "flex",
        "flex": 1,
        "minWidth": "15%",
      }
    }
  >
    <View
      style={
        Object {
          "alignItems": "center",
          "backgroundColor": "#EBEBE4",
          "borderBottomRightRadius": 4,
          "borderTopRightRadius": 4,
          "flex": 1,
          "justifyContent": "center",
        }
      }
    />
  </View>
</View>
`;
